bringing up nodes...
bringing up nodes...

........................................................................ [  1%]
........................................................................ [  2%]
........................................................................ [  3%]
........................................................................ [  4%]
........................................................................ [  5%]
........................................................................ [  6%]
........................................................................ [  8%]
........................................................................ [  9%]
........................................................................ [ 10%]
........................................................................ [ 11%]
..ss.................................................................... [ 12%]
............................................................ss.ss....... [ 13%]
........................................................................ [ 15%]
........................................................................ [ 16%]
........................................................................ [ 17%]
........................................................................ [ 18%]
........................................................................ [ 19%]
................................................s....................... [ 20%]
........................................................................ [ 22%]
........................................................................ [ 23%]
........................................................................ [ 24%]
........................................................................ [ 25%]
........................................................................ [ 26%]
........................................................................ [ 27%]
........................................................................ [ 28%]
........................................................................ [ 30%]
....................................................................s... [ 31%]
........................................................................ [ 32%]
........................................................................ [ 33%]
........................................................................ [ 34%]
........................................................................ [ 35%]
........................................................................ [ 37%]
........................................................................ [ 38%]
........................................................................ [ 39%]
........................................................................ [ 40%]
........................................................................ [ 41%]
........................................................................ [ 42%]
........................................................................ [ 44%]
........................................................................ [ 45%]
........................................................................ [ 46%]
...............sss....................................................ss [ 47%]
............s.........................s................................. [ 48%]
........................................................................ [ 49%]
........................................................................ [ 51%]
........................................................................ [ 52%]
.................ss............................F................ssssssss [ 53%]
sssssssss.........s.....s............................................... [ 54%]
........................................................................ [ 55%]
...................................................................s.... [ 56%]
................................................sss.sss................. [ 57%]
........................................................................ [ 59%]
........................................................................ [ 60%]
........................................................................ [ 61%]
........................................................................ [ 62%]
........................................................................ [ 63%]
........................................................................ [ 64%]
........................................................................ [ 66%]
.................................................s...................... [ 67%]
........................................................................ [ 68%]
.............................................................s.......... [ 69%]
........................................................................ [ 70%]
........................................................................ [ 71%]
.................................................................ssssss. [ 73%]
........s............................................................... [ 74%]
........................................................................ [ 75%]
.......................................................s................ [ 76%]
........................................................................ [ 77%]
........................................................................ [ 78%]
........................................................................ [ 79%]
........................................................................ [ 81%]
........................................................................ [ 82%]
........................................................................ [ 83%]
........................................................................ [ 84%]
........................................................................ [ 85%]
........................................................................ [ 86%]
........................................................................ [ 88%]
........................................................................ [ 89%]
........................................................................ [ 90%]
........................................................................ [ 91%]
........................................................................ [ 92%]
........................................................................ [ 93%]
..............................s...................................s..s.. [ 95%]
s................s..s.......s....s...................................... [ 96%]
...................s....................s............................... [ 97%]
........................................................................ [ 98%]
...................s.................................................... [ 99%]
...................                                                      [100%]
================================== FAILURES ===================================
_____________________ test_history_merges_events_and_git ______________________
[gw2] win32 -- Python 3.11.9 <ABS_PATH>

tmp_path = WindowsPath('<ABS_PATH>')
monkeypatch = <_pytest.monkeypatch.MonkeyPatch object at 0x000001842934A490>

    @needs_git
    def test_history_merges_events_and_git(tmp_path, monkeypatch):
        project = Project.create(tmp_path / "历史测试", git_init=True)
        snapshot(project, "第一版")
        append_event(project.root, "ai", "select", {"shot": "S001", "take": "take_02"})

        rows = history(project, n=50)
        sources = {r["source"] for r in rows}
        assert {"event", "git"} <= sources
        assert [r for r in rows if r["actor"] == "ai" and "select" in r["text"]]
        assert [r for r in rows if r["source"] == "git" and "snapshot" in r["text"]]
        # oldest→newest ordering
>       assert [r["ts"] for r in rows] == sorted(r["ts"] for r in rows)
E       AssertionError: assert ['2026-08-12T...:37:29+00:00'] == ['2026-08-11T...:37:29+00:00']
E
E         At index 0 diff: '2026-08-12T02:37:28+00:00' != '2026-08-11T19:37:29-07:00'
E         Use -v to get more diff

tests\test_history_rollback.py:164: AssertionError
=========================== short test summary info ===========================
FAILED tests/test_history_rollback.py::test_history_merges_events_and_git - A...
1 failed, 6146 passed, 64 skipped in 265.84s (0:04:25)
